
> react-kavia@0.1.0 start
> cross-env EDIT_MODE=true webpack serve --config .ve/webpack.config.js --mode development

<i> [webpack-dev-server] Project is running at:
<i> [webpack-dev-server] Loopback: http://localhost:3000/, http://[::1]:3000/
<i> [webpack-dev-server] On Your Network (IPv4): http://172.17.0.2:3000/
<i> [webpack-dev-server] Content not from webpack is served from './public' directory
Injecting EditorRootWrapper import: ../.ve/EditorRootWrapper
asset bundle.js 5.58 MiB [emitted] (name: main)
asset index.html 691 bytes [emitted]
runtime modules 27.5 KiB 14 modules
modules by path ./node_modules/ 4.52 MiB 37 modules
modules by path ./src/ 61.7 KiB
  modules by path ./src/*.css 20.6 KiB 6 modules
  modules by path ./src/*.js 41.1 KiB
    ./src/index.js 610 bytes [built] [code generated]
    + 3 modules
modules by path ./.ve/ 15.1 KiB
  modules by path ./.ve/*.js 10.6 KiB 2 modules
  modules by path ./.ve/*.css 2.93 KiB
    ./.ve/EditorOverlay.css 2.25 KiB [built] [code generated]
    ./node_modules/css-loader/dist/cjs.js!./.ve/EditorOverlay.css 697 bytes [built] [code generated]
  ./.ve/EditorOverlay.jsx 1.58 KiB [built] [code generated]
webpack 5.99.9 compiled successfully in 2709 ms
assets by status 691 bytes [cached] 1 asset
assets by path *.js 5.6 MiB
  asset bundle.js 5.59 MiB [emitted] (name: main)
  asset main.eecc27527cca609919a4.hot-update.js 14.3 KiB [emitted] [immutable] [hmr] (name: main)
asset main.eecc27527cca609919a4.hot-update.json 28 bytes [emitted] [immutable] [hmr]
Entrypoint main 5.6 MiB = bundle.js 5.59 MiB main.eecc27527cca609919a4.hot-update.js 14.3 KiB
cached modules 4.59 MiB [cached] 51 modules
runtime modules 27.5 KiB 14 modules
./src/GamesPage.js 10.6 KiB [built] [code generated]
webpack 5.99.9 compiled successfully in 260 ms
assets by status 691 bytes [cached] 1 asset
assets by path *.js 5.6 MiB
  asset bundle.js 5.59 MiB [emitted] (name: main)
  asset main.66c271d5f4f92d1ece3c.hot-update.js 9.31 KiB [emitted] [immutable] [hmr] (name: main)
asset main.66c271d5f4f92d1ece3c.hot-update.json 28 bytes [emitted] [immutable] [hmr]
Entrypoint main 5.6 MiB = bundle.js 5.59 MiB main.66c271d5f4f92d1ece3c.hot-update.js 9.31 KiB
cached modules 4.59 MiB [cached] 51 modules
runtime modules 27.5 KiB 14 modules
./node_modules/css-loader/dist/cjs.js!./src/GamesPage.css 6.67 KiB [built] [code generated]
webpack 5.99.9 compiled successfully in 82 ms
